%
	\par1[
			\par2[
					\par3[&#x7C0;]{
							\par4 
						}
				]
		]{aaa}
