\begin{document}
text
\s{st}
ET phone home!
\e{st}
text
\end{document}
