\textcopyright ~Здравствуй,~\ldots !
\x[Здравствуй,~\ldots !]{Здравствуй,~\ldots !}