Text: \textvert{}a+b\textvert{}\textgreater{}2 $|a+b|>3$
$$|a+b|>4$$ $$\sqrt{2}$$
