x
\begin{y}
?
\end{y}
z x
\begin{y}
?
\end{y}
z x \begin{y}?\end{y} z x
\begin{y}?\end{y} z
	x \begin{y}
?\end{y} z
	x \begin{y}?
\end{y} z
	x \begin{y}?\end{y}
z
