\_/0189:\_@ABYZ[\_`abyz\{\_\cyrchar\cyrya{}
\000\137\000\057\0000\0001\0008\0009\000\072\000\137\000\100\000A\000B\000Y\000Z\000\133\000\137\000\140\000a\000b\000y\000z\000\173\000\137\004\117
