\documentclass[a4paper,12pt]{article}
\begin{document}
\author{A. U. Thor}
\title{A SHORT STORY}
\maketitle
\section*{A SHORT STORY}
Once upon a time, in a distant galaxy called
       Ööç, there lived a computer
       named R. J. Drofnats.\par
Mr. Droftnats—or\lq{}\lq{}R.J.,\rq{}\rq{}as he
       preferred to be called—was happiest
       when he was at work typesetting beautiful
       documents.\par
\bigskip
\hrule
%
\end{document}
