\documentclass[a4paper]{minimal}
\begin{document}
Eto — primer.
\end{document}
